{"level":"info","message":"Received request for acquisitions service","service":"acquisitions-api"}
{"level":"info","message":"Received request for acquisitions service","service":"acquisitions-api"}
{"level":"info","message":"Received request for acquisitions service","service":"acquisitions-api"}
{"level":"info","message":"Received request for acquisitions service","service":"acquisitions-api"}
{"level":"info","message":"::1 - - [01/Aug/2026:12:26:53 +0000] \"GET / HTTP/1.1\" 200 36 \"-\" \"curl/8.18.0\"","service":"acquisitions-api"}
{"level":"info","message":"Health check endpoint called","service":"acquisitions-api"}
{"level":"info","message":"::1 - - [01/Aug/2026:12:48:11 +0000] \"GET /health HTTP/1.1\" 200 54 \"-\" \"curl/8.18.0\"","service":"acquisitions-api"}
{"level":"info","message":"Received request for acquisitions service","service":"acquisitions-api"}
{"level":"info","message":"::1 - - [01/Aug/2026:12:51:51 +0000] \"GET / HTTP/1.1\" 200 36 \"-\" \"PostmanRuntime/7.49.1\"","service":"acquisitions-api"}
{"level":"info","message":"Received request for acquisitions service","service":"acquisitions-api"}
{"level":"info","message":"::1 - - [01/Aug/2026:12:53:54 +0000] \"GET / HTTP/1.1\" 200 36 \"-\" \"PostmanRuntime/7.49.1\"","service":"acquisitions-api"}
{"level":"info","message":"Health check endpoint called","service":"acquisitions-api"}
{"level":"info","message":"::1 - - [01/Aug/2026:12:54:28 +0000] \"GET /health HTTP/1.1\" 200 77 \"-\" \"PostmanRuntime/7.49.1\"","service":"acquisitions-api"}
{"level":"info","message":"::1 - - [01/Aug/2026:12:55:02 +0000] \"POST /api HTTP/1.1\" 404 143 \"-\" \"PostmanRuntime/7.49.1\"","service":"acquisitions-api"}
{"level":"info","message":"::1 - - [01/Aug/2026:12:55:36 +0000] \"POST /health HTTP/1.1\" 404 146 \"-\" \"PostmanRuntime/7.49.1\"","service":"acquisitions-api"}
{"level":"info","message":"Health check endpoint called","service":"acquisitions-api"}
{"level":"info","message":"::1 - - [01/Aug/2026:12:55:53 +0000] \"GET /health HTTP/1.1\" 200 77 \"-\" \"PostmanRuntime/7.49.1\"","service":"acquisitions-api"}
{"level":"info","message":"::1 - - [01/Aug/2026:12:56:06 +0000] \"GET /api HTTP/1.1\" 200 45 \"-\" \"PostmanRuntime/7.49.1\"","service":"acquisitions-api"}
{"level":"info","message":"Health check endpoint called","service":"acquisitions-api"}
{"level":"info","message":"::1 - - [01/Aug/2026:12:56:55 +0000] \"GET /health HTTP/1.1\" 200 77 \"-\" \"PostmanRuntime/7.49.1\"","service":"acquisitions-api"}
{"level":"info","message":"::1 - - [01/Aug/2026:12:57:52 +0000] \"POST /api/auth/sign-in HTTP/1.1\" 200 27 \"-\" \"PostmanRuntime/7.49.1\"","service":"acquisitions-api"}
{"level":"info","message":"::1 - - [01/Aug/2026:14:10:49 +0000] \"POST /api/auth/sign-%20up HTTP/1.1\" 404 159 \"-\" \"PostmanRuntime/7.49.1\"","service":"acquisitions-api"}
{"level":"info","message":"::1 - - [01/Aug/2026:14:11:59 +0000] \"POST /api/auth/sign-%20up HTTP/1.1\" 404 159 \"-\" \"PostmanRuntime/7.49.1\"","service":"acquisitions-api"}
{"level":"info","message":"::1 - - [01/Aug/2026:14:12:47 +0000] \"POST /api/auth/sign-%20up HTTP/1.1\" 404 159 \"-\" \"PostmanRuntime/7.49.1\"","service":"acquisitions-api"}
{"level":"info","message":"::1 - - [01/Aug/2026:14:13:17 +0000] \"POST /api/auth/sign-%20up HTTP/1.1\" 404 159 \"-\" \"PostmanRuntime/7.49.1\"","service":"acquisitions-api"}
{"level":"info","message":"::1 - - [01/Aug/2026:14:13:55 +0000] \"POST /api/auth/sign-%20up HTTP/1.1\" 404 159 \"-\" \"PostmanRuntime/7.49.1\"","service":"acquisitions-api"}
{"level":"info","message":"::1 - - [01/Aug/2026:14:14:14 +0000] \"POST /api/auth/sign-up HTTP/1.1\" 400 92 \"-\" \"PostmanRuntime/7.49.1\"","service":"acquisitions-api"}
{"level":"info","message":"::1 - - [01/Aug/2026:14:17:27 +0000] \"POST /api/auth/sign-up HTTP/1.1\" 400 92 \"-\" \"PostmanRuntime/7.49.1\"","service":"acquisitions-api"}
{"level":"info","message":"::1 - - [01/Aug/2026:14:17:29 +0000] \"POST /api/auth/sign-up HTTP/1.1\" 400 92 \"-\" \"PostmanRuntime/7.49.1\"","service":"acquisitions-api"}
{"level":"info","message":"::1 - - [01/Aug/2026:14:17:45 +0000] \"POST /api/auth/sign-up HTTP/1.1\" 400 92 \"-\" \"PostmanRuntime/7.49.1\"","service":"acquisitions-api"}
{"level":"info","message":"::1 - - [01/Aug/2026:14:18:26 +0000] \"POST /api/auth/sign-up HTTP/1.1\" 400 92 \"-\" \"PostmanRuntime/7.49.1\"","service":"acquisitions-api"}
{"level":"info","message":"::1 - - [01/Aug/2026:14:19:17 +0000] \"POST /api/auth/sign-up HTTP/1.1\" 400 92 \"-\" \"PostmanRuntime/7.49.1\"","service":"acquisitions-api"}
{"level":"info","message":"::1 - - [01/Aug/2026:14:20:10 +0000] \"POST /api/auth/sign-up HTTP/1.1\" 400 92 \"-\" \"PostmanRuntime/7.49.1\"","service":"acquisitions-api"}
{"level":"info","message":"::1 - - [01/Aug/2026:14:21:04 +0000] \"POST /api/auth/sign-up HTTP/1.1\" 400 92 \"-\" \"PostmanRuntime/7.49.1\"","service":"acquisitions-api"}
{"level":"info","message":"::1 - - [01/Aug/2026:17:21:47 +0000] \"POST /api/auth/sign-up HTTP/1.1\" 400 92 \"-\" \"PostmanRuntime/7.49.1\"","service":"acquisitions-api"}
{"level":"info","message":"User registered successfully: admin@example.com","service":"acquisitions-api"}
{"level":"info","message":"::1 - - [01/Aug/2026:17:25:09 +0000] \"POST /api/auth/sign-up HTTP/1.1\" 201 107 \"-\" \"PostmanRuntime/7.49.1\"","service":"acquisitions-api"}
{"level":"info","message":"User registered successfully: admin@example.com","service":"acquisitions-api"}
{"level":"info","message":"::1 - - [01/Aug/2026:17:25:18 +0000] \"POST /api/auth/sign-up HTTP/1.1\" 201 108 \"-\" \"PostmanRuntime/7.49.1\"","service":"acquisitions-api"}
{"level":"info","message":"::1 - - [01/Aug/2026:17:26:58 +0000] \"POST /api/auth/sign-up HTTP/1.1\" 400 92 \"-\" \"PostmanRuntime/7.49.1\"","service":"acquisitions-api"}
{"level":"info","message":"User registered successfully: admin@example.com","service":"acquisitions-api"}
{"level":"info","message":"::1 - - [01/Aug/2026:17:27:12 +0000] \"POST /api/auth/sign-up HTTP/1.1\" 201 108 \"-\" \"PostmanRuntime/7.49.1\"","service":"acquisitions-api"}
{"level":"error","message":"Error creating user: TypeError: db.select(...).where is not a function","service":"acquisitions-api"}
{"level":"error","message":"Signup error Error creating user","service":"acquisitions-api","stack":"Error: Error creating user\n    at createUser (file:///home/abhismith/Documents/DevOps/acquisitions/src/services/auth.service.js:45:15)\n    at signup (file:///home/abhismith/Documents/DevOps/acquisitions/src/controllers/auth.controller.js:21:24)\n    at Layer.handleRequest (/home/abhismith/Documents/DevOps/acquisitions/node_modules/router/lib/layer.js:152:17)\n    at next (/home/abhismith/Documents/DevOps/acquisitions/node_modules/router/lib/route.js:157:13)\n    at Route.dispatch (/home/abhismith/Documents/DevOps/acquisitions/node_modules/router/lib/route.js:117:3)\n    at handle (/home/abhismith/Documents/DevOps/acquisitions/node_modules/router/index.js:435:11)\n    at Layer.handleRequest (/home/abhismith/Documents/DevOps/acquisitions/node_modules/router/lib/layer.js:152:17)\n    at /home/abhismith/Documents/DevOps/acquisitions/node_modules/router/index.js:295:15\n    at processParams (/home/abhismith/Documents/DevOps/acquisitions/node_modules/router/index.js:582:12)\n    at next (/home/abhismith/Documents/DevOps/acquisitions/node_modules/router/index.js:291:5)"}
{"level":"info","message":"::1 - - [01/Aug/2026:17:53:30 +0000] \"POST /api/auth/sign-up HTTP/1.1\" 500 1327 \"-\" \"PostmanRuntime/7.49.1\"","service":"acquisitions-api"}
{"level":"info","message":"User created successfully: admin@example.com","service":"acquisitions-api"}
{"level":"error","message":"Signup error jwttoken is not a function","service":"acquisitions-api","stack":"TypeError: jwttoken is not a function\n    at signup (file:///home/abhismith/Documents/DevOps/acquisitions/src/controllers/auth.controller.js:23:19)\n    at process.processTicksAndRejections (node:internal/process/task_queues:104:5)"}
{"level":"info","message":"::1 - - [01/Aug/2026:17:58:04 +0000] \"POST /api/auth/sign-up HTTP/1.1\" 500 383 \"-\" \"PostmanRuntime/7.49.1\"","service":"acquisitions-api"}
{"level":"info","message":"User created successfully: admin@example.com","service":"acquisitions-api"}
{"level":"error","message":"Signup error cookies.setTokenCookie is not a function","service":"acquisitions-api","stack":"TypeError: cookies.setTokenCookie is not a function\n    at signup (file:///home/abhismith/Documents/DevOps/acquisitions/src/controllers/auth.controller.js:25:13)\n    at process.processTicksAndRejections (node:internal/process/task_queues:104:5)"}
{"level":"info","message":"::1 - - [01/Aug/2026:18:01:37 +0000] \"POST /api/auth/sign-up HTTP/1.1\" 500 397 \"-\" \"PostmanRuntime/7.49.1\"","service":"acquisitions-api"}
{"level":"info","message":"User created successfully: admin@example.com","service":"acquisitions-api"}
{"level":"error","message":"Signup error cookies.setTokenCookie is not a function","service":"acquisitions-api","stack":"TypeError: cookies.setTokenCookie is not a function\n    at signup (file:///home/abhismith/Documents/DevOps/acquisitions/src/controllers/auth.controller.js:27:13)\n    at process.processTicksAndRejections (node:internal/process/task_queues:104:5)"}
{"level":"info","message":"::1 - - [01/Aug/2026:18:03:07 +0000] \"POST /api/auth/sign-up HTTP/1.1\" 500 397 \"-\" \"PostmanRuntime/7.49.1\"","service":"acquisitions-api"}
{"level":"info","message":"User created successfully: admin@example.com","service":"acquisitions-api"}
{"level":"error","message":"Signup error cookies.setTokenCookie is not a function","service":"acquisitions-api","stack":"TypeError: cookies.setTokenCookie is not a function\n    at signup (file:///home/abhismith/Documents/DevOps/acquisitions/src/controllers/auth.controller.js:25:13)\n    at process.processTicksAndRejections (node:internal/process/task_queues:104:5)"}
{"level":"info","message":"::1 - - [01/Aug/2026:18:07:43 +0000] \"POST /api/auth/sign-up HTTP/1.1\" 500 397 \"-\" \"PostmanRuntime/7.49.1\"","service":"acquisitions-api"}
{"level":"info","message":"User created successfully: admin@example.com","service":"acquisitions-api"}
{"level":"info","message":"User registered successfully: admin@example.com","service":"acquisitions-api"}
{"level":"info","message":"::1 - - [01/Aug/2026:18:10:12 +0000] \"POST /api/auth/sign-up HTTP/1.1\" 201 108 \"-\" \"PostmanRuntime/7.49.1\"","service":"acquisitions-api"}
{"level":"info","message":"User created successfully: abhi@example.com","service":"acquisitions-api"}
{"level":"info","message":"User registered successfully: abhi@example.com","service":"acquisitions-api"}
{"level":"info","message":"::1 - - [01/Aug/2026:18:11:20 +0000] \"POST /api/auth/sign-up HTTP/1.1\" 201 105 \"-\" \"PostmanRuntime/7.49.1\"","service":"acquisitions-api"}
